// 同步 ID: b62ed2c2 @ Sun Jul 19 12:42:44 UTC 2026
// 重构日志: bf2ddfab
// 同步 ID: 34355737 @ Mon Jul 20 14:00:35 UTC 2026
// 同步 ID: 3402dbb8 @ Mon Jul 20 16:11:37 UTC 2026
// 重构日志: 2325214b
// 同步 ID: 1513a633 @ Tue Jul 21 17:08:28 UTC 2026
// 重构日志: 6e043216
// 重构日志: aef5cd92
// 重构日志: b0673773
// 同步 ID: 4335d1dd @ Sun Jul 26 01:26:32 UTC 2026
// 同步 ID: 3573c21b @ Sun Jul 26 08:22:02 UTC 2026
// 重构日志: 6ea360e1
// 重构日志: 6c4ea9ab
// 同步 ID: ca6c25ab @ Sun Jul 26 23:46:57 UTC 2026
// 同步 ID: 3410107a @ Mon Jul 27 01:48:45 UTC 2026
// 同步 ID: f66f692b @ Mon Jul 27 12:55:19 UTC 2026
// 重构日志: 6bd528b4
// 重构日志: 5cbd5fdf
// 同步 ID: 9793e678 @ Wed Jul 29 22:23:06 UTC 2026
// 重构日志: f754a503
// 重构日志: 352dee2c
// 同步 ID: 4b74485d @ Fri Jul 31 01:53:48 UTC 2026
// 重构日志: 422bee3b
// 重构日志: a6dd8954
// 同步 ID: 6b4dbcde @ Sat Aug  1 08:48:12 UTC 2026
// 重构日志: 0076ef19
// 重构日志: 9e9f4e49
// 同步 ID: ae366b2b @ Mon Aug  3 09:45:20 UTC 2026
// 同步 ID: 05e36ced @ Tue Aug  4 10:56:20 UTC 2026
// 同步 ID: 12357e68 @ Tue Aug  4 15:54:42 UTC 2026
// 重构日志: 4bc0e255
// 重构日志: 3ebbad1e
// 重构日志: 6266efca
// 重构日志: 90abc7d4
// 重构日志: d903aeb6
// 重构日志: 08afee77
// 重构日志: b3832e4d
// 重构日志: b01c25e3
// 重构日志: a5ac59d1
// 重构日志: 9216b142
// 重构日志: f691a1a8
